g++ : tests/test_s7_recovery.cpp: In function 'void test_s7_active_fault()':
At line:1 char:1
+ g++ -std=c++17 -Iinclude src/stages/s7.cpp tests/test_s7_recovery.cpp ...
+ ~~~~~~~~~~~~~~~~~~~~~~~~~~~~~~~~~~~~~~~~~~~~~~~~~~~~~~~~~~~~~~~~~~~~~
    + CategoryInfo          : NotSpecified: (tests/test_s7_r...ctive_fault()'::String) [], RemoteExcept 
   ion
    + FullyQualifiedErrorId : NativeCommandError
 
tests/test_s7_recovery.cpp:68:19: warning: ignoring return value of 'virtual signalfix::StageResult 
signalfix::StageS7Output::process(signalfix::MeasurementEnvelope&, signalfix::ChannelState&)', declared 
with attribute 'nodiscard' [-Wunused-result]
   68 |         s7.process(env, cs);
      |         ~~~~~~~~~~^~~~~~~~~
In file included from tests/test_s7_recovery.cpp:7:
include/signalfix/module1/stages/s7.hpp:256:31: note: declared here
  256 |     [[nodiscard]] StageResult process(
      |                               ^~~~~~~
tests/test_s7_recovery.cpp: In function 'void test_s7_recovery_suppression()':
tests/test_s7_recovery.cpp:103:19: warning: ignoring return value of 'virtual signalfix::StageResult 
signalfix::StageS7Output::process(signalfix::MeasurementEnvelope&, signalfix::ChannelState&)', declared 
with attribute 'nodiscard' [-Wunused-result]
  103 |         s7.process(env, cs);
      |         ~~~~~~~~~~^~~~~~~~~
include/signalfix/module1/stages/s7.hpp:256:31: note: declared here
  256 |     [[nodiscard]] StageResult process(
      |                               ^~~~~~~
tests/test_s7_recovery.cpp:108:26: error: too many arguments to function 
'signalfix::MeasurementEnvelope signalfix::make_nominal_envelope()'
  108 |     make_nominal_envelope(env);
      |     ~~~~~~~~~~~~~~~~~~~~~^~~~~
In file included from tests/test_s7_recovery.cpp:6:
include/signalfix/module1/types.hpp:282:1: note: declared here
  282 | make_nominal_envelope() noexcept
      | ^~~~~~~~~~~~~~~~~~~~~
tests/test_s7_recovery.cpp:108:26: warning: ignoring return value of 'signalfix::MeasurementEnvelope 
signalfix::make_nominal_envelope()', declared with attribute 'nodiscard' [-Wunused-result]
  108 |     make_nominal_envelope(env);
      |     ~~~~~~~~~~~~~~~~~~~~~^~~~~
include/signalfix/module1/types.hpp:282:1: note: declared here
  282 | make_nominal_envelope() noexcept
      | ^~~~~~~~~~~~~~~~~~~~~
tests/test_s7_recovery.cpp:119:15: warning: ignoring return value of 'virtual signalfix::StageResult 
signalfix::StageS7Output::process(signalfix::MeasurementEnvelope&, signalfix::ChannelState&)', declared 
with attribute 'nodiscard' [-Wunused-result]
  119 |     s7.process(env, cs);
      |     ~~~~~~~~~~^~~~~~~~~
include/signalfix/module1/stages/s7.hpp:256:31: note: declared here
  256 |     [[nodiscard]] StageResult process(
      |                               ^~~~~~~
tests/test_s7_recovery.cpp: In function 'void test_s7_invalid_override()':
tests/test_s7_recovery.cpp:149:19: warning: ignoring return value of 'virtual signalfix::StageResult 
signalfix::StageS7Output::process(signalfix::MeasurementEnvelope&, signalfix::ChannelState&)', declared 
with attribute 'nodiscard' [-Wunused-result]
  149 |         s7.process(env, cs);
      |         ~~~~~~~~~~^~~~~~~~~
include/signalfix/module1/stages/s7.hpp:256:31: note: declared here
  256 |     [[nodiscard]] StageResult process(
      |                               ^~~~~~~
tests/test_s7_recovery.cpp:154:26: error: too many arguments to function 
'signalfix::MeasurementEnvelope signalfix::make_nominal_envelope()'
  154 |     make_nominal_envelope(env);
      |     ~~~~~~~~~~~~~~~~~~~~~^~~~~
include/signalfix/module1/types.hpp:282:1: note: declared here
  282 | make_nominal_envelope() noexcept
      | ^~~~~~~~~~~~~~~~~~~~~
tests/test_s7_recovery.cpp:154:26: warning: ignoring return value of 'signalfix::MeasurementEnvelope 
signalfix::make_nominal_envelope()', declared with attribute 'nodiscard' [-Wunused-result]
  154 |     make_nominal_envelope(env);
      |     ~~~~~~~~~~~~~~~~~~~~~^~~~~
include/signalfix/module1/types.hpp:282:1: note: declared here
  282 | make_nominal_envelope() noexcept
      | ^~~~~~~~~~~~~~~~~~~~~
tests/test_s7_recovery.cpp:161:15: warning: ignoring return value of 'virtual signalfix::StageResult 
signalfix::StageS7Output::process(signalfix::MeasurementEnvelope&, signalfix::ChannelState&)', declared 
with attribute 'nodiscard' [-Wunused-result]
  161 |     s7.process(env, cs);
      |     ~~~~~~~~~~^~~~~~~~~
include/signalfix/module1/stages/s7.hpp:256:31: note: declared here
  256 |     [[nodiscard]] StageResult process(
      |                               ^~~~~~~
tests/test_s7_recovery.cpp: In function 'void test_s7_confidence_floor()':
tests/test_s7_recovery.cpp:189:19: warning: ignoring return value of 'virtual signalfix::StageResult 
signalfix::StageS7Output::process(signalfix::MeasurementEnvelope&, signalfix::ChannelState&)', declared 
with attribute 'nodiscard' [-Wunused-result]
  189 |         s7.process(env, cs);
      |         ~~~~~~~~~~^~~~~~~~~
include/signalfix/module1/stages/s7.hpp:256:31: note: declared here
  256 |     [[nodiscard]] StageResult process(
      |                               ^~~~~~~
