[ RUN  ] S7 Active Fault Reporting
[ RUN  ] S7 Recovery Phase Suppression
[ RUN  ] S7 Hard Invalid Override during Recovery
[ RUN  ] S7 Confidence Floor Application

ALL TESTS PASSED (0/4)
